// Jest Snapshot v1, https://goo.gl/fbAQLP

exports[`async actions dispatches correct action and payload 1`] = `Array []`;

exports[`async actions dispatches correct action and payload 2`] = `
Array [
  Object {
    "type": "RESET_DATA",
  },
]
`;
